[15:51:16] run paulinum_1_0/sensibilidad/nodia (paulinum 1.0.0) · etapas: specs · familias: impostores, dirichlet · workers 4
[15:53:36]   spec impostores 000 nodia|mfw:300|minmax|w500|mnone|seven|sblgnt: AUC=0.876 (epist. 0.982) c@1=0.862 (1614 problemas, 140.5 s)
[15:55:53]   spec impostores 001 nodia|mfw:300|minmax|w500|mformulae+preformed+otq+reuse|seven|sblgnt: AUC=0.876 (epist. 0.983) c@1=0.857 (1614 problemas, 136.8 s)
[15:58:14]   spec impostores 002 nodia|mfw:300|delta|w500|mnone|seven|sblgnt: AUC=0.781 (epist. 0.968) c@1=0.814 (1614 problemas, 141.6 s)
[16:00:36]   spec impostores 003 nodia|mfw:300|delta|w500|mformulae+preformed+otq+reuse|seven|sblgnt: AUC=0.781 (epist. 0.970) c@1=0.820 (1614 problemas, 141.7 s)
[16:02:44]   spec impostores 004 nodia|closed:150|minmax|w500|mnone|seven|sblgnt: AUC=0.842 (epist. 0.978) c@1=0.854 (1614 problemas, 127.3 s)
[16:04:51]   spec impostores 005 nodia|closed:150|minmax|w500|mformulae+preformed+otq+reuse|seven|sblgnt: AUC=0.848 (epist. 0.978) c@1=0.857 (1614 problemas, 127.0 s)
[16:06:59]   spec impostores 006 nodia|closed:150|delta|w500|mnone|seven|sblgnt: AUC=0.807 (epist. 0.971) c@1=0.833 (1614 problemas, 128.5 s)
[16:09:08]   spec impostores 007 nodia|closed:150|delta|w500|mformulae+preformed+otq+reuse|seven|sblgnt: AUC=0.818 (epist. 0.973) c@1=0.837 (1614 problemas, 128.9 s)
[16:15:40]   spec impostores 008 nodia|char3:600|minmax|w500|mnone|seven|sblgnt: AUC=0.904 (epist. 0.993) c@1=0.876 (1614 problemas, 391.7 s)
[16:22:19]   spec impostores 009 nodia|char3:600|minmax|w500|mformulae+preformed+otq+reuse|seven|sblgnt: AUC=0.906 (epist. 0.993) c@1=0.876 (1614 problemas, 399.6 s)
[16:29:02]   spec impostores 010 nodia|char3:600|delta|w500|mnone|seven|sblgnt: AUC=0.893 (epist. 0.991) c@1=0.862 (1614 problemas, 402.5 s)
[16:35:36]   spec impostores 011 nodia|char3:600|delta|w500|mformulae+preformed+otq+reuse|seven|sblgnt: AUC=0.894 (epist. 0.991) c@1=0.864 (1614 problemas, 394.0 s)
[16:38:09]   spec impostores 012 nodia|lemma_dict:300|minmax|w500|mnone|seven|sblgnt: AUC=0.877 (epist. 0.985) c@1=0.864 (1614 problemas, 152.9 s)
[16:40:41]   spec impostores 013 nodia|lemma_dict:300|minmax|w500|mformulae+preformed+otq+reuse|seven|sblgnt: AUC=0.880 (epist. 0.985) c@1=0.871 (1614 problemas, 152.1 s)
[16:43:22]   spec impostores 014 nodia|lemma_dict:300|delta|w500|mnone|seven|sblgnt: AUC=0.763 (epist. 0.965) c@1=0.791 (1614 problemas, 161.2 s)
[16:46:07]   spec impostores 015 nodia|lemma_dict:300|delta|w500|mformulae+preformed+otq+reuse|seven|sblgnt: AUC=0.769 (epist. 0.966) c@1=0.803 (1614 problemas, 165.1 s)
[16:47:26]   spec dirichlet 000 dirichlet|nodia|mfw:300|dirmult|w500|mnone|seven|sblgnt: AUC=0.972 (epist. 0.987) c@1=0.957 (1614 problemas, 78.6 s)
[16:48:45]   spec dirichlet 001 dirichlet|nodia|mfw:300|dirmult|w500|mformulae+preformed+otq+reuse|seven|sblgnt: AUC=0.972 (epist. 0.987) c@1=0.957 (1614 problemas, 78.7 s)
[16:49:40]   spec dirichlet 002 dirichlet|nodia|closed:150|dirmult|w500|mnone|seven|sblgnt: AUC=0.952 (epist. 0.949) c@1=0.936 (1614 problemas, 55.2 s)
[16:50:35]   spec dirichlet 003 dirichlet|nodia|closed:150|dirmult|w500|mformulae+preformed+otq+reuse|seven|sblgnt: AUC=0.946 (epist. 0.950) c@1=0.938 (1614 problemas, 54.9 s)
[16:50:35] etapa specs: 3559 s
