[15:52:52] run paulinum_1_0/sensibilidad/nucleos (paulinum 1.0.0) · etapas: specs · familias: impostores, dirichlet · workers 4
[15:56:39]   spec impostores 000 dia|mfw:300|minmax|w500|mnone|hauptbriefe|sblgnt: AUC=0.898 (epist. 0.989) c@1=0.880 (1611 problemas, 227.4 s)
[16:00:38]   spec impostores 001 dia|mfw:300|minmax|w500|mnone|seven_plus|sblgnt: AUC=0.872 (epist. 0.980) c@1=0.851 (1612 problemas, 239.2 s)
[16:04:48]   spec impostores 002 dia|mfw:300|minmax|w500|mnone|trece|sblgnt: AUC=0.865 (epist. 0.979) c@1=0.839 (1611 problemas, 250.0 s)
[16:08:29]   spec impostores 003 dia|mfw:300|minmax|w500|mformulae+preformed+otq+reuse|hauptbriefe|sblgnt: AUC=0.897 (epist. 0.989) c@1=0.881 (1611 problemas, 220.5 s)
[16:12:24]   spec impostores 004 dia|mfw:300|minmax|w500|mformulae+preformed+otq+reuse|seven_plus|sblgnt: AUC=0.869 (epist. 0.980) c@1=0.850 (1612 problemas, 235.2 s)
[16:16:30]   spec impostores 005 dia|mfw:300|minmax|w500|mformulae+preformed+otq+reuse|trece|sblgnt: AUC=0.863 (epist. 0.978) c@1=0.838 (1611 problemas, 246.1 s)
[16:20:14]   spec impostores 006 dia|mfw:300|delta|w500|mnone|hauptbriefe|sblgnt: AUC=0.839 (epist. 0.981) c@1=0.852 (1611 problemas, 223.6 s)
[16:24:12]   spec impostores 007 dia|mfw:300|delta|w500|mnone|seven_plus|sblgnt: AUC=0.791 (epist. 0.968) c@1=0.813 (1612 problemas, 237.9 s)
[16:28:25]   spec impostores 008 dia|mfw:300|delta|w500|mnone|trece|sblgnt: AUC=0.780 (epist. 0.969) c@1=0.804 (1611 problemas, 253.0 s)
[16:32:09]   spec impostores 009 dia|mfw:300|delta|w500|mformulae+preformed+otq+reuse|hauptbriefe|sblgnt: AUC=0.837 (epist. 0.982) c@1=0.853 (1611 problemas, 224.2 s)
[16:36:08]   spec impostores 010 dia|mfw:300|delta|w500|mformulae+preformed+otq+reuse|seven_plus|sblgnt: AUC=0.780 (epist. 0.970) c@1=0.809 (1612 problemas, 239.0 s)
[16:40:15]   spec impostores 011 dia|mfw:300|delta|w500|mformulae+preformed+otq+reuse|trece|sblgnt: AUC=0.765 (epist. 0.966) c@1=0.794 (1611 problemas, 246.9 s)
[16:43:31]   spec impostores 012 dia|closed:150|minmax|w500|mnone|hauptbriefe|sblgnt: AUC=0.866 (epist. 0.984) c@1=0.870 (1611 problemas, 195.7 s)
[16:47:02]   spec impostores 013 dia|closed:150|minmax|w500|mnone|seven_plus|sblgnt: AUC=0.833 (epist. 0.975) c@1=0.842 (1612 problemas, 210.5 s)
[16:50:42]   spec impostores 014 dia|closed:150|minmax|w500|mnone|trece|sblgnt: AUC=0.822 (epist. 0.969) c@1=0.833 (1611 problemas, 220.5 s)
[16:53:58]   spec impostores 015 dia|closed:150|minmax|w500|mformulae+preformed+otq+reuse|hauptbriefe|sblgnt: AUC=0.868 (epist. 0.984) c@1=0.870 (1611 problemas, 195.3 s)
[16:57:28]   spec impostores 016 dia|closed:150|minmax|w500|mformulae+preformed+otq+reuse|seven_plus|sblgnt: AUC=0.833 (epist. 0.975) c@1=0.842 (1612 problemas, 210.7 s)
[17:01:07]   spec impostores 017 dia|closed:150|minmax|w500|mformulae+preformed+otq+reuse|trece|sblgnt: AUC=0.821 (epist. 0.969) c@1=0.831 (1611 problemas, 218.4 s)
[17:04:25]   spec impostores 018 dia|closed:150|delta|w500|mnone|hauptbriefe|sblgnt: AUC=0.842 (epist. 0.976) c@1=0.848 (1611 problemas, 198.3 s)
[17:07:57]   spec impostores 019 dia|closed:150|delta|w500|mnone|seven_plus|sblgnt: AUC=0.798 (epist. 0.969) c@1=0.829 (1612 problemas, 211.6 s)
[17:11:42]   spec impostores 020 dia|closed:150|delta|w500|mnone|trece|sblgnt: AUC=0.766 (epist. 0.959) c@1=0.818 (1611 problemas, 224.8 s)
[17:15:00]   spec impostores 021 dia|closed:150|delta|w500|mformulae+preformed+otq+reuse|hauptbriefe|sblgnt: AUC=0.847 (epist. 0.976) c@1=0.849 (1611 problemas, 198.7 s)
[17:18:32]   spec impostores 022 dia|closed:150|delta|w500|mformulae+preformed+otq+reuse|seven_plus|sblgnt: AUC=0.811 (epist. 0.971) c@1=0.834 (1612 problemas, 211.1 s)
[17:22:14]   spec impostores 023 dia|closed:150|delta|w500|mformulae+preformed+otq+reuse|trece|sblgnt: AUC=0.782 (epist. 0.965) c@1=0.826 (1611 problemas, 222.4 s)
[17:30:56]   spec impostores 024 dia|char3:600|minmax|w500|mnone|hauptbriefe|sblgnt: AUC=0.916 (epist. 0.993) c@1=0.889 (1611 problemas, 522.4 s)
[17:40:13]   spec impostores 025 dia|char3:600|minmax|w500|mnone|seven_plus|sblgnt: AUC=0.904 (epist. 0.993) c@1=0.870 (1612 problemas, 556.2 s)
[17:50:08]   spec impostores 026 dia|char3:600|minmax|w500|mnone|trece|sblgnt: AUC=0.898 (epist. 0.990) c@1=0.863 (1611 problemas, 595.0 s)
[17:58:53]   spec impostores 027 dia|char3:600|minmax|w500|mformulae+preformed+otq+reuse|hauptbriefe|sblgnt: AUC=0.917 (epist. 0.994) c@1=0.890 (1611 problemas, 525.1 s)
[18:08:11]   spec impostores 028 dia|char3:600|minmax|w500|mformulae+preformed+otq+reuse|seven_plus|sblgnt: AUC=0.902 (epist. 0.991) c@1=0.869 (1612 problemas, 558.2 s)
[18:17:58]   spec impostores 029 dia|char3:600|minmax|w500|mformulae+preformed+otq+reuse|trece|sblgnt: AUC=0.897 (epist. 0.989) c@1=0.857 (1611 problemas, 586.7 s)
[18:26:48]   spec impostores 030 dia|char3:600|delta|w500|mnone|hauptbriefe|sblgnt: AUC=0.910 (epist. 0.991) c@1=0.879 (1611 problemas, 529.6 s)
[18:36:09]   spec impostores 031 dia|char3:600|delta|w500|mnone|seven_plus|sblgnt: AUC=0.889 (epist. 0.989) c@1=0.850 (1612 problemas, 561.7 s)
[18:46:08]   spec impostores 032 dia|char3:600|delta|w500|mnone|trece|sblgnt: AUC=0.885 (epist. 0.988) c@1=0.844 (1611 problemas, 598.9 s)
[18:54:58]   spec impostores 033 dia|char3:600|delta|w500|mformulae+preformed+otq+reuse|hauptbriefe|sblgnt: AUC=0.911 (epist. 0.991) c@1=0.885 (1611 problemas, 529.6 s)
[19:04:21]   spec impostores 034 dia|char3:600|delta|w500|mformulae+preformed+otq+reuse|seven_plus|sblgnt: AUC=0.889 (epist. 0.988) c@1=0.849 (1612 problemas, 562.6 s)
[19:14:16]   spec impostores 035 dia|char3:600|delta|w500|mformulae+preformed+otq+reuse|trece|sblgnt: AUC=0.882 (epist. 0.987) c@1=0.841 (1611 problemas, 594.9 s)
[19:18:23]   spec impostores 036 dia|lemma_dict:300|minmax|w500|mnone|hauptbriefe|sblgnt: AUC=0.890 (epist. 0.989) c@1=0.883 (1611 problemas, 247.7 s)
[19:22:53]   spec impostores 037 dia|lemma_dict:300|minmax|w500|mnone|seven_plus|sblgnt: AUC=0.863 (epist. 0.978) c@1=0.848 (1612 problemas, 270.1 s)
[19:27:38]   spec impostores 038 dia|lemma_dict:300|minmax|w500|mnone|trece|sblgnt: AUC=0.852 (epist. 0.974) c@1=0.835 (1611 problemas, 284.6 s)
[19:31:52]   spec impostores 039 dia|lemma_dict:300|minmax|w500|mformulae+preformed+otq+reuse|hauptbriefe|sblgnt: AUC=0.893 (epist. 0.989) c@1=0.884 (1611 problemas, 253.6 s)
[19:36:21]   spec impostores 040 dia|lemma_dict:300|minmax|w500|mformulae+preformed+otq+reuse|seven_plus|sblgnt: AUC=0.862 (epist. 0.977) c@1=0.845 (1612 problemas, 269.7 s)
[19:41:03]   spec impostores 041 dia|lemma_dict:300|minmax|w500|mformulae+preformed+otq+reuse|trece|sblgnt: AUC=0.852 (epist. 0.974) c@1=0.833 (1611 problemas, 281.4 s)
[19:45:19]   spec impostores 042 dia|lemma_dict:300|delta|w500|mnone|hauptbriefe|sblgnt: AUC=0.798 (epist. 0.978) c@1=0.835 (1611 problemas, 256.0 s)
[19:49:52]   spec impostores 043 dia|lemma_dict:300|delta|w500|mnone|seven_plus|sblgnt: AUC=0.747 (epist. 0.956) c@1=0.764 (1612 problemas, 272.9 s)
[19:54:38]   spec impostores 044 dia|lemma_dict:300|delta|w500|mnone|trece|sblgnt: AUC=0.726 (epist. 0.946) c@1=0.738 (1611 problemas, 285.6 s)
[19:58:52]   spec impostores 045 dia|lemma_dict:300|delta|w500|mformulae+preformed+otq+reuse|hauptbriefe|sblgnt: AUC=0.797 (epist. 0.979) c@1=0.841 (1611 problemas, 254.7 s)
[20:03:24]   spec impostores 046 dia|lemma_dict:300|delta|w500|mformulae+preformed+otq+reuse|seven_plus|sblgnt: AUC=0.743 (epist. 0.957) c@1=0.765 (1612 problemas, 272.1 s)
[20:08:09]   spec impostores 047 dia|lemma_dict:300|delta|w500|mformulae+preformed+otq+reuse|trece|sblgnt: AUC=0.726 (epist. 0.950) c@1=0.745 (1611 problemas, 284.1 s)
[20:10:21]   spec dirichlet 000 dirichlet|dia|mfw:300|dirmult|w500|mnone|hauptbriefe|sblgnt: AUC=0.974 (epist. 0.988) c@1=0.957 (1611 problemas, 132.4 s)
[20:12:34]   spec dirichlet 001 dirichlet|dia|mfw:300|dirmult|w500|mnone|seven_plus|sblgnt: AUC=0.969 (epist. 0.988) c@1=0.958 (1612 problemas, 133.1 s)
[20:14:47]   spec dirichlet 002 dirichlet|dia|mfw:300|dirmult|w500|mnone|trece|sblgnt: AUC=0.972 (epist. 0.988) c@1=0.957 (1611 problemas, 133.0 s)
[20:17:01]   spec dirichlet 003 dirichlet|dia|mfw:300|dirmult|w500|mformulae+preformed+otq+reuse|hauptbriefe|sblgnt: AUC=0.972 (epist. 0.988) c@1=0.958 (1611 problemas, 133.2 s)
[20:19:14]   spec dirichlet 004 dirichlet|dia|mfw:300|dirmult|w500|mformulae+preformed+otq+reuse|seven_plus|sblgnt: AUC=0.971 (epist. 0.989) c@1=0.957 (1612 problemas, 133.0 s)
[20:21:27]   spec dirichlet 005 dirichlet|dia|mfw:300|dirmult|w500|mformulae+preformed+otq+reuse|trece|sblgnt: AUC=0.972 (epist. 0.989) c@1=0.955 (1611 problemas, 133.8 s)
[20:23:02]   spec dirichlet 006 dirichlet|dia|closed:150|dirmult|w500|mnone|hauptbriefe|sblgnt: AUC=0.946 (epist. 0.949) c@1=0.938 (1611 problemas, 94.9 s)
[20:24:37]   spec dirichlet 007 dirichlet|dia|closed:150|dirmult|w500|mnone|seven_plus|sblgnt: AUC=0.944 (epist. 0.951) c@1=0.938 (1612 problemas, 94.7 s)
[20:26:12]   spec dirichlet 008 dirichlet|dia|closed:150|dirmult|w500|mnone|trece|sblgnt: AUC=0.943 (epist. 0.951) c@1=0.934 (1611 problemas, 94.4 s)
[20:27:46]   spec dirichlet 009 dirichlet|dia|closed:150|dirmult|w500|mformulae+preformed+otq+reuse|hauptbriefe|sblgnt: AUC=0.945 (epist. 0.951) c@1=0.939 (1611 problemas, 94.8 s)
[20:29:21]   spec dirichlet 010 dirichlet|dia|closed:150|dirmult|w500|mformulae+preformed+otq+reuse|seven_plus|sblgnt: AUC=0.946 (epist. 0.953) c@1=0.937 (1612 problemas, 95.0 s)
[20:30:57]   spec dirichlet 011 dirichlet|dia|closed:150|dirmult|w500|mformulae+preformed+otq+reuse|trece|sblgnt: AUC=0.941 (epist. 0.947) c@1=0.935 (1611 problemas, 95.1 s)
[20:30:57] etapa specs: 16685 s
[21:08:56] run paulinum_1_0/sensibilidad/nucleos (paulinum 1.0.0) · etapas: calibration, ledger, extras · familias: impostores, dirichlet · workers 4
[21:08:59] etapa calibration: 3 s
[21:09:21]   ledger minmax: E 917 pares, B 1560, G 715; 20 s
[21:09:41]   ledger delta: E 917 pares, B 1560, G 715; 20 s
[21:09:41] etapa ledger: 42 s
[21:09:47]   extras: 8 pares de ruido de edición, 165 contribuciones de rasgos
[21:09:48] etapa extras: 7 s
