[15:53:07] run paulinum_1_0/sensibilidad/documento_entero (paulinum 1.0.0) · etapas: specs · familias: impostores, dirichlet · workers 4
[15:53:55]   spec impostores 000 dia|mfw:300|minmax|wall|mnone|seven|sblgnt: AUC=0.941 (epist. 0.989) c@1=0.905 (1614 problemas, 47.8 s)
[15:54:40]   spec impostores 001 dia|mfw:300|minmax|wall|mformulae+preformed+otq+reuse|seven|sblgnt: AUC=0.941 (epist. 0.990) c@1=0.911 (1614 problemas, 44.7 s)
[15:55:28]   spec impostores 002 dia|mfw:300|delta|wall|mnone|seven|sblgnt: AUC=0.906 (epist. 0.986) c@1=0.870 (1614 problemas, 47.8 s)
[15:56:16]   spec impostores 003 dia|mfw:300|delta|wall|mformulae+preformed+otq+reuse|seven|sblgnt: AUC=0.904 (epist. 0.986) c@1=0.863 (1614 problemas, 48.4 s)
[15:56:53]   spec impostores 004 dia|closed:150|minmax|wall|mnone|seven|sblgnt: AUC=0.931 (epist. 0.989) c@1=0.907 (1614 problemas, 37.1 s)
[15:57:32]   spec impostores 005 dia|closed:150|minmax|wall|mformulae+preformed+otq+reuse|seven|sblgnt: AUC=0.933 (epist. 0.991) c@1=0.911 (1614 problemas, 38.4 s)
[15:58:12]   spec impostores 006 dia|closed:150|delta|wall|mnone|seven|sblgnt: AUC=0.902 (epist. 0.992) c@1=0.894 (1614 problemas, 40.4 s)
[15:58:53]   spec impostores 007 dia|closed:150|delta|wall|mformulae+preformed+otq+reuse|seven|sblgnt: AUC=0.909 (epist. 0.992) c@1=0.901 (1614 problemas, 40.8 s)
[15:59:58]   spec impostores 008 dia|char3:600|minmax|wall|mnone|seven|sblgnt: AUC=0.939 (epist. 0.985) c@1=0.911 (1614 problemas, 65.1 s)
[16:01:06]   spec impostores 009 dia|char3:600|minmax|wall|mformulae+preformed+otq+reuse|seven|sblgnt: AUC=0.939 (epist. 0.989) c@1=0.915 (1614 problemas, 67.4 s)
[16:02:17]   spec impostores 010 dia|char3:600|delta|wall|mnone|seven|sblgnt: AUC=0.933 (epist. 0.986) c@1=0.906 (1614 problemas, 70.8 s)
[16:03:27]   spec impostores 011 dia|char3:600|delta|wall|mformulae+preformed+otq+reuse|seven|sblgnt: AUC=0.934 (epist. 0.988) c@1=0.909 (1614 problemas, 70.4 s)
[16:04:20]   spec impostores 012 dia|lemma_dict:300|minmax|wall|mnone|seven|sblgnt: AUC=0.938 (epist. 0.986) c@1=0.896 (1614 problemas, 52.5 s)
[16:05:13]   spec impostores 013 dia|lemma_dict:300|minmax|wall|mformulae+preformed+otq+reuse|seven|sblgnt: AUC=0.939 (epist. 0.990) c@1=0.898 (1614 problemas, 53.0 s)
[16:06:09]   spec impostores 014 dia|lemma_dict:300|delta|wall|mnone|seven|sblgnt: AUC=0.906 (epist. 0.980) c@1=0.830 (1614 problemas, 55.8 s)
[16:07:06]   spec impostores 015 dia|lemma_dict:300|delta|wall|mformulae+preformed+otq+reuse|seven|sblgnt: AUC=0.907 (epist. 0.983) c@1=0.834 (1614 problemas, 57.3 s)
[16:09:34]   spec dirichlet 000 dirichlet|dia|mfw:300|dirmult|wall|mnone|seven|sblgnt: AUC=0.837 (epist. 0.981) c@1=0.912 (1614 problemas, 147.4 s)
[16:12:02]   spec dirichlet 001 dirichlet|dia|mfw:300|dirmult|wall|mformulae+preformed+otq+reuse|seven|sblgnt: AUC=0.845 (epist. 0.975) c@1=0.913 (1614 problemas, 148.1 s)
[16:13:51]   spec dirichlet 002 dirichlet|dia|closed:150|dirmult|wall|mnone|seven|sblgnt: AUC=0.798 (epist. 0.939) c@1=0.898 (1614 problemas, 109.2 s)
[16:15:40]   spec dirichlet 003 dirichlet|dia|closed:150|dirmult|wall|mformulae+preformed+otq+reuse|seven|sblgnt: AUC=0.807 (epist. 0.941) c@1=0.899 (1614 problemas, 109.5 s)
[16:15:40] etapa specs: 1353 s
[20:20:04] run paulinum_1_0/sensibilidad/documento_entero (paulinum 1.0.0) · etapas: calibration, ledger, extras · familias: impostores, dirichlet · workers 4
[20:20:05] etapa calibration: 1 s
[20:20:31]   ledger minmax: E 917 pares, B 1560, G 715; 22 s
[20:20:53]   ledger delta: E 917 pares, B 1560, G 715; 23 s
[20:20:53] etapa ledger: 48 s
[20:21:00]   extras: 8 pares de ruido de edición, 210 contribuciones de rasgos
[20:21:00] etapa extras: 7 s
