== instalación de grc_odycy_joint_sm (ejecución 36329124392) ==
    Found existing installation: numpy 2.2.6
    Uninstalling numpy-2.2.6:
      Successfully uninstalled numpy-2.2.6

Successfully installed MarkupSafe-3.0.3 annotated-doc-0.0.5 annotated-types-0.8.0 blis-0.7.11 catalogue-2.0.10 click-8.5.0 cloudpathlib-0.25.0 confection-0.1.5 cymem-2.0.13 jinja2-3.1.6 langcodes-3.5.1 markdown-it-py-4.2.0 mdurl-0.1.2 murmurhash-1.0.15 numpy-1.26.4 preshed-3.0.13 pydantic-2.13.5 pydantic-core-2.46.5 rich-15.0.0 shellingham-1.5.4 smart-open-7.7.1 spacy-3.7.5 spacy-legacy-3.0.12 spacy-loggers-1.0.5 srsly-2.5.3 thinc-8.2.5 typer-0.27.2 typer-slim-0.24.0 typing-extensions-4.16.0 typing-inspection-0.4.4 wasabi-1.1.3 weasel-0.4.3 wrapt-2.5.0
-rw-r--r-- 1 runner runner 19046625 Sep 27 15:26 /tmp/grc_odycy_joint_sm-0.7.0-py3-none-any.whl
177ab0cf8ffe8c5e1e4e8f6ff688cf89226a68628f5d9fecc32da4670ba71414  /tmp/grc_odycy_joint_sm-0.7.0-py3-none-any.whl
Requirement already satisfied: langcodes<4.0.0,>=3.2.0 in /opt/hostedtoolcache/Python/3.11.16/x64/lib/python3.11/site-packages (from spacy<3.8.0,>=3.7.4->grc-odycy-joint-sm==0.7.0) (3.5.1)
Requirement already satisfied: numpy>=1.19.0 in /opt/hostedtoolcache/Python/3.11.16/x64/lib/python3.11/site-packages (from spacy<3.8.0,>=3.7.4->grc-odycy-joint-sm==0.7.0) (1.26.4)
Requirement already satisfied: annotated-types>=0.6.0 in /opt/hostedtoolcache/Python/3.11.16/x64/lib/python3.11/site-packages (from pydantic!=1.8,!=1.8.1,<3.0.0,>=1.7.4->spacy<3.8.0,>=3.7.4->grc-odycy-joint-sm==0.7.0) (0.8.0)
Requirement already satisfied: pydantic-core==2.46.5 in /opt/hostedtoolcache/Python/3.11.16/x64/lib/python3.11/site-packages (from pydantic!=1.8,!=1.8.1,<3.0.0,>=1.7.4->spacy<3.8.0,>=3.7.4->grc-odycy-joint-sm==0.7.0) (2.46.5)
Requirement already satisfied: typing-extensions>=4.14.1 in /opt/hostedtoolcache/Python/3.11.16/x64/lib/python3.11/site-packages (from pydantic!=1.8,!=1.8.1,<3.0.0,>=1.7.4->spacy<3.8.0,>=3.7.4->grc-odycy-joint-sm==0.7.0) (4.16.0)
Requirement already satisfied: typing-inspection>=0.4.2 in /opt/hostedtoolcache/Python/3.11.16/x64/lib/python3.11/site-packages (from pydantic!=1.8,!=1.8.1,<3.0.0,>=1.7.4->spacy<3.8.0,>=3.7.4->grc-odycy-joint-sm==0.7.0) (0.4.4)
Requirement already satisfied: charset_normalizer<4,>=2 in /opt/hostedtoolcache/Python/3.11.16/x64/lib/python3.11/site-packages (from requests<3.0.0,>=2.13.0->spacy<3.8.0,>=3.7.4->grc-odycy-joint-sm==0.7.0) (3.5.1)
Requirement already satisfied: idna<4,>=2.5 in /opt/hostedtoolcache/Python/3.11.16/x64/lib/python3.11/site-packages (from requests<3.0.0,>=2.13.0->spacy<3.8.0,>=3.7.4->grc-odycy-joint-sm==0.7.0) (3.20)
Requirement already satisfied: urllib3<3,>=1.26 in /opt/hostedtoolcache/Python/3.11.16/x64/lib/python3.11/site-packages (from requests<3.0.0,>=2.13.0->spacy<3.8.0,>=3.7.4->grc-odycy-joint-sm==0.7.0) (2.8.0)
Requirement already satisfied: certifi>=2023.5.7 in /opt/hostedtoolcache/Python/3.11.16/x64/lib/python3.11/site-packages (from requests<3.0.0,>=2.13.0->spacy<3.8.0,>=3.7.4->grc-odycy-joint-sm==0.7.0) (2026.7.22)
Requirement already satisfied: blis<0.8.0,>=0.7.8 in /opt/hostedtoolcache/Python/3.11.16/x64/lib/python3.11/site-packages (from thinc<8.3.0,>=8.2.2->spacy<3.8.0,>=3.7.4->grc-odycy-joint-sm==0.7.0) (0.7.11)
Requirement already satisfied: confection<1.0.0,>=0.0.1 in /opt/hostedtoolcache/Python/3.11.16/x64/lib/python3.11/site-packages (from thinc<8.3.0,>=8.2.2->spacy<3.8.0,>=3.7.4->grc-odycy-joint-sm==0.7.0) (0.1.5)
Requirement already satisfied: shellingham>=1.3.0 in /opt/hostedtoolcache/Python/3.11.16/x64/lib/python3.11/site-packages (from typer<1.0.0,>=0.3.0->spacy<3.8.0,>=3.7.4->grc-odycy-joint-sm==0.7.0) (1.5.4)
Requirement already satisfied: rich>=13.8.0 in /opt/hostedtoolcache/Python/3.11.16/x64/lib/python3.11/site-packages (from typer<1.0.0,>=0.3.0->spacy<3.8.0,>=3.7.4->grc-odycy-joint-sm==0.7.0) (15.0.0)
Requirement already satisfied: annotated-doc>=0.0.2 in /opt/hostedtoolcache/Python/3.11.16/x64/lib/python3.11/site-packages (from typer<1.0.0,>=0.3.0->spacy<3.8.0,>=3.7.4->grc-odycy-joint-sm==0.7.0) (0.0.5)
Requirement already satisfied: typer-slim<1.0.0,>=0.3.0 in /opt/hostedtoolcache/Python/3.11.16/x64/lib/python3.11/site-packages (from weasel<0.5.0,>=0.1.0->spacy<3.8.0,>=3.7.4->grc-odycy-joint-sm==0.7.0) (0.24.0)
Requirement already satisfied: cloudpathlib<1.0.0,>=0.7.0 in /opt/hostedtoolcache/Python/3.11.16/x64/lib/python3.11/site-packages (from weasel<0.5.0,>=0.1.0->spacy<3.8.0,>=3.7.4->grc-odycy-joint-sm==0.7.0) (0.25.0)
Requirement already satisfied: smart-open<8.0.0,>=5.2.1 in /opt/hostedtoolcache/Python/3.11.16/x64/lib/python3.11/site-packages (from weasel<0.5.0,>=0.1.0->spacy<3.8.0,>=3.7.4->grc-odycy-joint-sm==0.7.0) (7.7.1)
Requirement already satisfied: wrapt in /opt/hostedtoolcache/Python/3.11.16/x64/lib/python3.11/site-packages (from smart-open<8.0.0,>=5.2.1->weasel<0.5.0,>=0.1.0->spacy<3.8.0,>=3.7.4->grc-odycy-joint-sm==0.7.0) (2.5.0)
Requirement already satisfied: markdown-it-py>=2.2.0 in /opt/hostedtoolcache/Python/3.11.16/x64/lib/python3.11/site-packages (from rich>=13.8.0->typer<1.0.0,>=0.3.0->spacy<3.8.0,>=3.7.4->grc-odycy-joint-sm==0.7.0) (4.2.0)
Requirement already satisfied: pygments<3.0.0,>=2.13.0 in /opt/hostedtoolcache/Python/3.11.16/x64/lib/python3.11/site-packages (from rich>=13.8.0->typer<1.0.0,>=0.3.0->spacy<3.8.0,>=3.7.4->grc-odycy-joint-sm==0.7.0) (2.21.0)
Requirement already satisfied: mdurl~=0.1 in /opt/hostedtoolcache/Python/3.11.16/x64/lib/python3.11/site-packages (from markdown-it-py>=2.2.0->rich>=13.8.0->typer<1.0.0,>=0.3.0->spacy<3.8.0,>=3.7.4->grc-odycy-joint-sm==0.7.0) (0.1.2)
Requirement already satisfied: MarkupSafe>=2.0 in /opt/hostedtoolcache/Python/3.11.16/x64/lib/python3.11/site-packages (from jinja2->spacy<3.8.0,>=3.7.4->grc-odycy-joint-sm==0.7.0) (3.0.3)
Installing collected packages: grc-odycy-joint-sm
Successfully installed grc-odycy-joint-sm-0.7.0
spaCy 3.7.5 | numpy 1.26.4
Name: grc_odycy_joint_sm
Version: 0.7.0
Summary: 
carga correcta: grc_odycy_joint_sm ['tok2vec', 'tagger', 'morphologizer', 'parser', 'trainable_lemmatizer', 'frequency_lemmatizer']
