[15:52:54] run paulinum_1_0/sensibilidad/ventana300 (paulinum 1.0.0) · etapas: specs · familias: impostores, dirichlet · workers 4
[15:56:51]   spec impostores 000 dia|mfw:300|minmax|w300|mnone|seven|sblgnt: AUC=0.831 (epist. 0.973) c@1=0.841 (1614 problemas, 237.2 s)
[16:00:43]   spec impostores 001 dia|mfw:300|minmax|w300|mformulae+preformed+otq+reuse|seven|sblgnt: AUC=0.837 (epist. 0.973) c@1=0.846 (1614 problemas, 231.8 s)
[16:04:42]   spec impostores 002 dia|mfw:300|delta|w300|mnone|seven|sblgnt: AUC=0.715 (epist. 0.955) c@1=0.823 (1614 problemas, 239.2 s)
[16:08:39]   spec impostores 003 dia|mfw:300|delta|w300|mformulae+preformed+otq+reuse|seven|sblgnt: AUC=0.707 (epist. 0.958) c@1=0.826 (1614 problemas, 236.6 s)
[16:12:11]   spec impostores 004 dia|closed:150|minmax|w300|mnone|seven|sblgnt: AUC=0.791 (epist. 0.962) c@1=0.834 (1614 problemas, 212.2 s)
[16:15:42]   spec impostores 005 dia|closed:150|minmax|w300|mformulae+preformed+otq+reuse|seven|sblgnt: AUC=0.800 (epist. 0.966) c@1=0.835 (1614 problemas, 210.2 s)
[16:19:15]   spec impostores 006 dia|closed:150|delta|w300|mnone|seven|sblgnt: AUC=0.750 (epist. 0.960) c@1=0.827 (1614 problemas, 213.5 s)
[16:22:46]   spec impostores 007 dia|closed:150|delta|w300|mformulae+preformed+otq+reuse|seven|sblgnt: AUC=0.775 (epist. 0.963) c@1=0.830 (1614 problemas, 211.0 s)
[16:32:08]   spec impostores 008 dia|char3:600|minmax|w300|mnone|seven|sblgnt: AUC=0.879 (epist. 0.985) c@1=0.870 (1614 problemas, 561.4 s)
[16:41:27]   spec impostores 009 dia|char3:600|minmax|w300|mformulae+preformed+otq+reuse|seven|sblgnt: AUC=0.880 (epist. 0.985) c@1=0.872 (1614 problemas, 559.7 s)
[16:50:58]   spec impostores 010 dia|char3:600|delta|w300|mnone|seven|sblgnt: AUC=0.858 (epist. 0.980) c@1=0.853 (1614 problemas, 570.9 s)
[17:00:25]   spec impostores 011 dia|char3:600|delta|w300|mformulae+preformed+otq+reuse|seven|sblgnt: AUC=0.865 (epist. 0.983) c@1=0.861 (1614 problemas, 566.6 s)
[17:04:45]   spec impostores 012 dia|lemma_dict:300|minmax|w300|mnone|seven|sblgnt: AUC=0.828 (epist. 0.975) c@1=0.846 (1614 problemas, 259.6 s)
[17:09:02]   spec impostores 013 dia|lemma_dict:300|minmax|w300|mformulae+preformed+otq+reuse|seven|sblgnt: AUC=0.835 (epist. 0.976) c@1=0.849 (1614 problemas, 256.9 s)
[17:13:26]   spec impostores 014 dia|lemma_dict:300|delta|w300|mnone|seven|sblgnt: AUC=0.673 (epist. 0.943) c@1=0.793 (1614 problemas, 263.9 s)
[17:17:48]   spec impostores 015 dia|lemma_dict:300|delta|w300|mformulae+preformed+otq+reuse|seven|sblgnt: AUC=0.683 (epist. 0.949) c@1=0.810 (1614 problemas, 262.0 s)
[17:20:07]   spec dirichlet 000 dirichlet|dia|mfw:300|dirmult|w300|mnone|seven|sblgnt: AUC=0.975 (epist. 0.994) c@1=0.955 (1614 problemas, 139.6 s)
[17:22:28]   spec dirichlet 001 dirichlet|dia|mfw:300|dirmult|w300|mformulae+preformed+otq+reuse|seven|sblgnt: AUC=0.974 (epist. 0.988) c@1=0.956 (1614 problemas, 140.2 s)
[17:24:09]   spec dirichlet 002 dirichlet|dia|closed:150|dirmult|w300|mnone|seven|sblgnt: AUC=0.948 (epist. 0.955) c@1=0.933 (1614 problemas, 101.1 s)
[17:25:50]   spec dirichlet 003 dirichlet|dia|closed:150|dirmult|w300|mformulae+preformed+otq+reuse|seven|sblgnt: AUC=0.950 (epist. 0.956) c@1=0.934 (1614 problemas, 101.3 s)
[17:25:50] etapa specs: 5576 s
