== ejecución 36490130854 · 2026-09-28T22:11:49Z · commit 3dd808d · etapa bootstrap · familias - · solo - ==
  réplica de ventanas 10/100
  réplica de ventanas 20/100
  réplica de ventanas 30/100
  réplica de ventanas 40/100
  réplica de ventanas 50/100
  réplica de ventanas 60/100
  réplica de ventanas 70/100
  réplica de ventanas 80/100
  réplica de ventanas 90/100
  réplica de ventanas 100/100
  Rom   pct_E 0.340 [0.20-0.50] pct_B 0.021 [0.01-0.04] pct_G 0.222 · sin Isócrates: 0.285
  1Cor  pct_E 0.517 [0.35-0.69] pct_B 0.047 [0.02-0.07] pct_G 0.422 · sin Libanio: 0.576
  2Cor  pct_E 0.129 [0.06-0.23] pct_B 0.002 [0.00-0.01] pct_G 0.055 · sin Isócrates: 0.087
  Gal   pct_E 0.218 [0.12-0.35] pct_B 0.008 [0.00-0.02] pct_G 0.131 · sin Isócrates: 0.163
  Flp   pct_E 0.097 [0.04-0.19] pct_B 0.001 [0.00-0.00] pct_G 0.039 · sin Isócrates: 0.058
  1Tes  pct_E 0.176 [0.09-0.29] pct_B 0.006 [0.00-0.01] pct_G 0.091 · sin Isócrates: 0.127
  Flm   pct_E 0.204 [0.12-0.32] pct_B 0.007 [0.00-0.02] pct_G 0.117 · sin Isócrates: 0.155
  Ef    pct_E 0.230 [0.12-0.37] pct_B 0.009 [0.00-0.02] pct_G 0.141 · sin Isócrates: 0.174
  Col   pct_E 0.499 [0.34-0.67] pct_B 0.042 [0.02-0.07] pct_G 0.403 · sin Libanio: 0.556
  2Tes  pct_E 0.142 [0.07-0.25] pct_B 0.003 [0.00-0.01] pct_G 0.071 · sin Isócrates: 0.099
  1Tim  pct_E 0.382 [0.24-0.55] pct_B 0.022 [0.01-0.04] pct_G 0.263 · sin Isócrates: 0.331
  2Tim  pct_E 0.164 [0.08-0.29] pct_B 0.003 [0.00-0.01] pct_G 0.078 · sin Isócrates: 0.116
  Tit   pct_E 0.761 [0.62-0.92] pct_B 0.162 [0.11-0.22] pct_G 0.699 · sin Libanio: 0.816
  Heb   pct_E 0.469 [0.31-0.64] pct_B 0.041 [0.02-0.07] pct_G 0.369 · sin Libanio: 0.521
  réplica de ventanas 10/100
  réplica de ventanas 20/100
  réplica de ventanas 30/100
  réplica de ventanas 40/100
  réplica de ventanas 50/100
  réplica de ventanas 60/100
  réplica de ventanas 70/100
  réplica de ventanas 80/100
  réplica de ventanas 90/100
  réplica de ventanas 100/100
  Rom   pct_E 0.046 [0.02-0.09] pct_B 0.004 [0.00-0.01] pct_G 0.007 · sin Isócrates: 0.036
  1Cor  pct_E 0.181 [0.10-0.28] pct_B 0.036 [0.01-0.07] pct_G 0.073 · sin Isócrates: 0.149
  2Cor  pct_E 0.022 [0.01-0.04] pct_B 0.002 [0.00-0.01] pct_G 0.000 · sin Filón: 0.025
  Gal   pct_E 0.038 [0.01-0.07] pct_B 0.003 [0.00-0.01] pct_G 0.003 · sin Isócrates: 0.031
  Flp   pct_E 0.017 [0.01-0.03] pct_B 0.002 [0.00-0.01] pct_G 0.000 · sin Libanio: 0.014
  1Tes  pct_E 0.048 [0.02-0.09] pct_B 0.004 [0.00-0.01] pct_G 0.007 · sin Isócrates: 0.038
  Flm   pct_E 0.045 [0.02-0.08] pct_B 0.003 [0.00-0.01] pct_G 0.007 · sin Isócrates: 0.036
  Ef    pct_E 0.014 [0.00-0.03] pct_B 0.001 [0.00-0.00] pct_G 0.000 · sin Ignacio: 0.011
  Col   pct_E 0.065 [0.02-0.12] pct_B 0.006 [0.00-0.02] pct_G 0.013 · sin Isócrates: 0.053
  2Tes  pct_E 0.041 [0.01-0.08] pct_B 0.003 [0.00-0.01] pct_G 0.006 · sin Isócrates: 0.034
  1Tim  pct_E 0.093 [0.04-0.16] pct_B 0.013 [0.00-0.03] pct_G 0.032 · sin Isócrates: 0.074
  2Tim  pct_E 0.092 [0.04-0.16] pct_B 0.013 [0.00-0.03] pct_G 0.029 · sin Isócrates: 0.073
  Tit   pct_E 0.684 [0.59-0.81] pct_B 0.348 [0.25-0.46] pct_G 0.583 · sin Josefo: 0.645
  Heb   pct_E 0.168 [0.09-0.27] pct_B 0.033 [0.01-0.06] pct_G 0.073 · sin Isócrates: 0.134
